field:
  default:
    name: test_name_1
  simple:
    name: test_name_1
