field:
  default:
    name: test_name_2
  simple:
    name: test_name_2
